SQL> -- Create a database
SQL> CREATE DATABASE company;
CREATE DATABASE company
*
ERROR at line 1:
ORA-01501: CREATE DATABASE failed 
ORA-01100: database already mounted 


SQL> 
SQL> -- Use the database
SQL> USE company;
SP2-0734: unknown command beginning "USE compan..." - rest of line ignored.
SQL> 
SQL> -- Create tables
SQL> CREATE TABLE departments (
  2      id INT PRIMARY KEY AUTO_INCREMENT,
  3      name VARCHAR(50) NOT NULL
  4  );
    id INT PRIMARY KEY AUTO_INCREMENT,
                       *
ERROR at line 2:
ORA-00907: missing right parenthesis 


SQL> 
SQL> CREATE TABLE employees (
  2      id INT PRIMARY KEY AUTO_INCREMENT,
  3      first_name VARCHAR(50) NOT NULL,
  4      last_name VARCHAR(50) NOT NULL,
  5      email VARCHAR(50) NOT NULL UNIQUE,
  6      salary DECIMAL(10, 2) NOT NULL,
  7      department_id INT,
  8      FOREIGN KEY (department_id) REFERENCES departments(id)
  9  );
    id INT PRIMARY KEY AUTO_INCREMENT,
                       *
ERROR at line 2:
ORA-00907: missing right parenthesis 


SQL> 
SQL> -- Insert data
SQL> INSERT INTO departments (name) VALUES ('HR'), ('Engineering'), ('Sales');
INSERT INTO departments (name) VALUES ('HR'), ('Engineering'), ('Sales')
                                            *
ERROR at line 1:
ORA-00933: SQL command not properly ended 


SQL> 
SQL> INSERT INTO employees (first_name, last_name, email, salary, department_id)
  2  VALUES ('John', 'Doe', 'john.doe@example.com', 60000.00, 1),
  3         ('Jane', 'Smith', 'jane.smith@example.com', 70000.00, 2);
VALUES ('John', 'Doe', 'john.doe@example.com', 60000.00, 1),
                                                           *
ERROR at line 2:
ORA-00933: SQL command not properly ended 


SQL> 
SQL> -- Query data
SQL> SELECT e.first_name, e.last_name, d.name AS department
  2  FROM employees e
  3  JOIN departments d ON e.department_id = d.id
  4  WHERE e.salary > 50000;
JOIN departments d ON e.department_id = d.id
                                        *
ERROR at line 3:
ORA-00904: "D"."ID": invalid identifier 


SQL> 
SQL> -- Update data
SQL> UPDATE employees
  2  SET salary = 75000.00
  3  WHERE email = 'jane.smith@example.com';

2 rows updated.

SQL> 
SQL> -- Delete data
SQL> DELETE FROM employees
  2  WHERE email = 'john.doe@example.com';

0 rows deleted.

SQL> 
SQL> -- Create an index
SQL> CREATE INDEX idx_department_id ON employees (department_id);
CREATE INDEX idx_department_id ON employees (department_id)
                                             *
ERROR at line 1:
ORA-00904: "DEPARTMENT_ID": invalid identifier 


SQL> -- Creating a User (Schema) and Granting Privileges
SQL> CREATE USER myuser IDENTIFIED BY mypassword;
CREATE USER myuser IDENTIFIED BY mypassword
            *
ERROR at line 1:
ORA-65096: invalid common user or role name 


SQL> GRANT CONNECT, RESOURCE TO myuser;
GRANT CONNECT, RESOURCE TO myuser
                           *
ERROR at line 1:
ORA-01917: user or role 'MYUSER' does not exist 


SQL> 
SQL> -- Log in as the new user (run outside of script)
SQL> -- sqlplus myuser/mypassword
SQL> 
SQL> -- Creating a Table
SQL> CREATE TABLE employees (
  2      id NUMBER GENERATED BY DEFAULT AS IDENTITY PRIMARY KEY,
  3      first_name VARCHAR2(50),
  4      last_name VARCHAR2(50),
  5      email VARCHAR2(50),
  6      salary NUMBER(10, 2)
  7  );
CREATE TABLE employees (
             *
ERROR at line 1:
ORA-00955: name is already used by an existing object 


SQL> 
SQL> -- Inserting Data
SQL> INSERT INTO employees (first_name, last_name, email, salary)
  2  VALUES ('John', 'Doe', 'john.doe@example.com', 60000.00);

1 row created.

SQL> 
SQL> INSERT INTO employees (first_name, last_name, email, salary)
  2  VALUES ('Jane', 'Smith', 'jane.smith@example.com', 70000.00);

1 row created.

SQL> 
SQL> -- Querying Data
SQL> SELECT * FROM employees;

        ID FIRST_NAME                                                           
---------- --------------------------------------------------                   
LAST_NAME                                                                       
--------------------------------------------------                              
EMAIL                                                  SALARY                   
-------------------------------------------------- ----------                   
        21 John                                                                 
Doe                                                                             
john.doe@example.com                                    60000                   
                                                                                
         2 Jane                                                                 
Smith                                                                           
jane.smith@example.com                                  75000                   

        ID FIRST_NAME                                                           
---------- --------------------------------------------------                   
LAST_NAME                                                                       
--------------------------------------------------                              
EMAIL                                                  SALARY                   
-------------------------------------------------- ----------                   
                                                                                
        22 Jane                                                                 
Smith                                                                           
jane.smith@example.com                                  70000                   
                                                                                
         4 Jane                                                                 
Smith                                                                           

        ID FIRST_NAME                                                           
---------- --------------------------------------------------                   
LAST_NAME                                                                       
--------------------------------------------------                              
EMAIL                                                  SALARY                   
-------------------------------------------------- ----------                   
jane.smith@example.com                                  75000                   
                                                                                

SQL> 
SQL> -- Filtering Results
SQL> SELECT * FROM employees WHERE salary > 50000;

        ID FIRST_NAME                                                           
---------- --------------------------------------------------                   
LAST_NAME                                                                       
--------------------------------------------------                              
EMAIL                                                  SALARY                   
-------------------------------------------------- ----------                   
        21 John                                                                 
Doe                                                                             
john.doe@example.com                                    60000                   
                                                                                
         2 Jane                                                                 
Smith                                                                           
jane.smith@example.com                                  75000                   

        ID FIRST_NAME                                                           
---------- --------------------------------------------------                   
LAST_NAME                                                                       
--------------------------------------------------                              
EMAIL                                                  SALARY                   
-------------------------------------------------- ----------                   
                                                                                
        22 Jane                                                                 
Smith                                                                           
jane.smith@example.com                                  70000                   
                                                                                
         4 Jane                                                                 
Smith                                                                           

        ID FIRST_NAME                                                           
---------- --------------------------------------------------                   
LAST_NAME                                                                       
--------------------------------------------------                              
EMAIL                                                  SALARY                   
-------------------------------------------------- ----------                   
jane.smith@example.com                                  75000                   
                                                                                

SQL> 
SQL> -- Sorting Results
SQL> SELECT * FROM employees ORDER BY last_name ASC;

        ID FIRST_NAME                                                           
---------- --------------------------------------------------                   
LAST_NAME                                                                       
--------------------------------------------------                              
EMAIL                                                  SALARY                   
-------------------------------------------------- ----------                   
        21 John                                                                 
Doe                                                                             
john.doe@example.com                                    60000                   
                                                                                
        22 Jane                                                                 
Smith                                                                           
jane.smith@example.com                                  70000                   

        ID FIRST_NAME                                                           
---------- --------------------------------------------------                   
LAST_NAME                                                                       
--------------------------------------------------                              
EMAIL                                                  SALARY                   
-------------------------------------------------- ----------                   
                                                                                
         4 Jane                                                                 
Smith                                                                           
jane.smith@example.com                                  75000                   
                                                                                
         2 Jane                                                                 
Smith                                                                           

        ID FIRST_NAME                                                           
---------- --------------------------------------------------                   
LAST_NAME                                                                       
--------------------------------------------------                              
EMAIL                                                  SALARY                   
-------------------------------------------------- ----------                   
jane.smith@example.com                                  75000                   
                                                                                

SQL> 
SQL> -- Updating Records
SQL> UPDATE employees
  2  SET salary = 65000.00
  3  WHERE first_name = 'John' AND last_name = 'Doe';

1 row updated.

SQL> 
SQL> -- Deleting Records
SQL> DELETE FROM employees
  2  WHERE first_name = 'John' AND last_name = 'Doe';

1 row deleted.

SQL> 
SQL> -- Final Query to See Changes
SQL> SELECT * FROM employees;

        ID FIRST_NAME                                                           
---------- --------------------------------------------------                   
LAST_NAME                                                                       
--------------------------------------------------                              
EMAIL                                                  SALARY                   
-------------------------------------------------- ----------                   
         2 Jane                                                                 
Smith                                                                           
jane.smith@example.com                                  75000                   
                                                                                
        22 Jane                                                                 
Smith                                                                           
jane.smith@example.com                                  70000                   

        ID FIRST_NAME                                                           
---------- --------------------------------------------------                   
LAST_NAME                                                                       
--------------------------------------------------                              
EMAIL                                                  SALARY                   
-------------------------------------------------- ----------                   
                                                                                
         4 Jane                                                                 
Smith                                                                           
jane.smith@example.com                                  75000                   
                                                                                

SQL> -- Create Tables
SQL> CREATE TABLE departments (
  2      department_id NUMBER PRIMARY KEY,
  3      department_name VARCHAR2(50),
  4      location_id NUMBER
  5  );
CREATE TABLE departments (
             *
ERROR at line 1:
ORA-00955: name is already used by an existing object 


SQL> 
SQL> CREATE TABLE employees (
  2      employee_id NUMBER PRIMARY KEY,
  3      first_name VARCHAR2(50),
  4      last_name VARCHAR2(50),
  5      email VARCHAR2(100),
  6      hire_date DATE,
  7      department_id NUMBER,
  8      salary NUMBER(10, 2),
  9      gender CHAR(1),
 10      FOREIGN KEY (department_id) REFERENCES departments(department_id)
 11  );
CREATE TABLE employees (
             *
ERROR at line 1:
ORA-00955: name is already used by an existing object 


SQL> 
SQL> -- Insert Sample Data
SQL> INSERT INTO departments (department_id, department_name, location_id)
  2  VALUES (10, 'HR', 100), (20, 'Engineering', 200), (30, 'Sales', 300);
VALUES (10, 'HR', 100), (20, 'Engineering', 200), (30, 'Sales', 300)
                      *
ERROR at line 2:
ORA-00933: SQL command not properly ended 


SQL> 
SQL> INSERT INTO employees (employee_id, first_name, last_name, email, hire_date, department_id, salary, gender)
  2  VALUES (1, 'John', 'Doe', 'john.doe@example.com', TO_DATE('2020-01-01', 'YYYY-MM-DD'), 10, 60000, 'M'),
  3         (2, 'Jane', 'Smith', 'jane.smith@example.com', TO_DATE('2019-05-01', 'YYYY-MM-DD'), 20, 80000, 'F');
VALUES (1, 'John', 'Doe', 'john.doe@example.com', TO_DATE('2020-01-01', 'YYYY-MM-DD'), 10, 60000, 'M'),
                                                                                                      *
ERROR at line 2:
ORA-00933: SQL command not properly ended 


SQL> 
SQL> -- Create Indexes
SQL> CREATE INDEX idx_employee_last_name ON employees (last_name);
CREATE INDEX idx_employee_last_name ON employees (last_name)
             *
ERROR at line 1:
ORA-00955: name is already used by an existing object 


SQL> CREATE BITMAP INDEX idx_employee_gender ON employees (gender);
CREATE BITMAP INDEX idx_employee_gender ON employees (gender)
                                                      *
ERROR at line 1:
ORA-00904: "GENDER": invalid identifier 


SQL> CREATE INDEX idx_employee_name ON employees (first_name, last_name);
CREATE INDEX idx_employee_name ON employees (first_name, last_name)
             *
ERROR at line 1:
ORA-00955: name is already used by an existing object 


SQL> 
SQL> -- Query Data with Execution Plan
SQL> EXPLAIN PLAN FOR
  2  SELECT * FROM employees WHERE last_name = 'Smith';

Explained.

SQL> 
SQL> SELECT * FROM TABLE(DBMS_XPLAN.DISPLAY);

PLAN_TABLE_OUTPUT                                                               
--------------------------------------------------------------------------------
Plan hash value: 1445457117                                                     
                                                                                
------------------------------------------------------------------------------- 
| Id  | Operation         | Name      | Rows  | Bytes | Cost (%CPU)| Time     | 
------------------------------------------------------------------------------- 
|   0 | SELECT STATEMENT  |           |     3 |   321 |     2   (0)| 00:00:01 | 
|*  1 |  TABLE ACCESS FULL| EMPLOYEES |     3 |   321 |     2   (0)| 00:00:01 | 
------------------------------------------------------------------------------- 
                                                                                
Predicate Information (identified by operation id):                             
---------------------------------------------------                             

PLAN_TABLE_OUTPUT                                                               
--------------------------------------------------------------------------------
                                                                                
   1 - filter("LAST_NAME"='Smith')                                              
                                                                                
Note                                                                            
-----                                                                           
   - dynamic statistics used: dynamic sampling (level=2)                        

17 rows selected.

SQL> 
SQL> -- Rebuild Index
SQL> ALTER INDEX idx_employee_last_name REBUILD;

Index altered.

SQL> 
SQL> -- Create Materialized View
SQL> CREATE MATERIALIZED VIEW mv_sales_summary
  2  AS
  3  SELECT department_id, SUM(salary) AS total_salary
  4  FROM employees
  5  GROUP BY department_id;
GROUP BY department_id
         *
ERROR at line 5:
ORA-00904: "DEPARTMENT_ID": invalid identifier 


SQL> 
SQL> -- Query Using Materialized View
SQL> SELECT * FROM mv_sales_summary;
SELECT * FROM mv_sales_summary
              *
ERROR at line 1:
ORA-00942: table or view does not exist 


SQL> spool off:
